#2026 09 20 03:02:06.834#Z#DEBUG#8469ec21-b49f-11f1-a367-eeee0a83654e.gestao-reembolso-srv#flowable-async-job-executor-thread-70432#
[PollStageAppStatusExecution] 5ac231b3-ccd6-4161-a4dc-97f9876852c8 [2026-09-20T03:01:17.275786] Updated app with guid 5ac231b3-ccd6-4161-a4dc-97f9876852c8 ({"lifecycle"=>{"data"=>{"buildpacks"=>["nodejs_buildpack"]}, "type"=>"buildpack"}}) (STDOUT, API)#
#2026 09 20 03:02:06.834#Z#DEBUG#8469ec21-b49f-11f1-a367-eeee0a83654e.gestao-reembolso-srv#flowable-async-job-executor-thread-70432#
[PollStageAppStatusExecution] 5ac231b3-ccd6-4161-a4dc-97f9876852c8 [2026-09-20T03:01:17.394606] Updating process: "web" (STDOUT, API)#
#2026 09 20 03:02:06.834#Z#DEBUG#8469ec21-b49f-11f1-a367-eeee0a83654e.gestao-reembolso-srv#flowable-async-job-executor-thread-70432#
[PollStageAppStatusExecution] 5ac231b3-ccd6-4161-a4dc-97f9876852c8 [2026-09-20T03:01:47.616968] Uploading app package for app with guid 5ac231b3-ccd6-4161-a4dc-97f9876852c8 (STDOUT, API)#
#2026 09 20 03:02:06.834#Z#DEBUG#8469ec21-b49f-11f1-a367-eeee0a83654e.gestao-reembolso-srv#flowable-async-job-executor-thread-70432#
[PollStageAppStatusExecution] 5ac231b3-ccd6-4161-a4dc-97f9876852c8 [2026-09-20T03:01:47.774954] Updated app with guid 5ac231b3-ccd6-4161-a4dc-97f9876852c8 ({"environment_variables"=>"[PRIVATE DATA HIDDEN]"}) (STDOUT, API)#
#2026 09 20 03:02:06.834#Z#DEBUG#8469ec21-b49f-11f1-a367-eeee0a83654e.gestao-reembolso-srv#flowable-async-job-executor-thread-70432#
[PollStageAppStatusExecution] 5ac231b3-ccd6-4161-a4dc-97f9876852c8 [2026-09-20T03:01:57.114240] Stopping app with guid 5ac231b3-ccd6-4161-a4dc-97f9876852c8 (STDOUT, API)#
#2026 09 20 03:02:06.834#Z#DEBUG#8469ec21-b49f-11f1-a367-eeee0a83654e.gestao-reembolso-srv#flowable-async-job-executor-thread-70432#
[PollStageAppStatusExecution] 5ac231b3-ccd6-4161-a4dc-97f9876852c8 [2026-09-20T03:01:57.156590] Cell 77283d80-dfa7-40ba-ba4e-265aef112085 stopping instance 7eae463d-d37f-4716-714f-8822 (STDOUT, CELL)#
#2026 09 20 03:02:06.834#Z#DEBUG#8469ec21-b49f-11f1-a367-eeee0a83654e.gestao-reembolso-srv#flowable-async-job-executor-thread-70432#
[PollStageAppStatusExecution] 5ac231b3-ccd6-4161-a4dc-97f9876852c8 [2026-09-20T03:01:57.318266] Creating build for app with guid 5ac231b3-ccd6-4161-a4dc-97f9876852c8 (STDOUT, API)#
#2026 09 20 03:02:06.834#Z#DEBUG#8469ec21-b49f-11f1-a367-eeee0a83654e.gestao-reembolso-srv#flowable-async-job-executor-thread-70432#
[PollStageAppStatusExecution] 5ac231b3-ccd6-4161-a4dc-97f9876852c8 [2026-09-20T03:01:57.836458] Downloading nodejs_buildpack... (STDOUT, STG)#
#2026 09 20 03:02:06.834#Z#DEBUG#8469ec21-b49f-11f1-a367-eeee0a83654e.gestao-reembolso-srv#flowable-async-job-executor-thread-70432#
[PollStageAppStatusExecution] 5ac231b3-ccd6-4161-a4dc-97f9876852c8 [2026-09-20T03:01:57.876301] Downloaded nodejs_buildpack (STDOUT, STG)#
#2026 09 20 03:02:06.834#Z#DEBUG#8469ec21-b49f-11f1-a367-eeee0a83654e.gestao-reembolso-srv#flowable-async-job-executor-thread-70432#
[PollStageAppStatusExecution] 5ac231b3-ccd6-4161-a4dc-97f9876852c8 [2026-09-20T03:01:57.876410] Cell d1cc041a-d5a1-41d6-b9f6-6cda736ce3f0 creating container for instance 7171e399-37b3-4667-bbee-e923afd5396e (STDOUT, STG)#
#2026 09 20 03:02:06.834#Z#DEBUG#8469ec21-b49f-11f1-a367-eeee0a83654e.gestao-reembolso-srv#flowable-async-job-executor-thread-70432#
[PollStageAppStatusExecution] 5ac231b3-ccd6-4161-a4dc-97f9876852c8 [2026-09-20T03:01:58.369273] Security group rules were updated (STDOUT, STG)#
#2026 09 20 03:02:06.834#Z#DEBUG#8469ec21-b49f-11f1-a367-eeee0a83654e.gestao-reembolso-srv#flowable-async-job-executor-thread-70432#
[PollStageAppStatusExecution] 5ac231b3-ccd6-4161-a4dc-97f9876852c8 [2026-09-20T03:01:58.411128] Cell d1cc041a-d5a1-41d6-b9f6-6cda736ce3f0 successfully created container for instance 7171e399-37b3-4667-bbee-e923afd5396e (STDOUT, STG)#
#2026 09 20 03:02:06.834#Z#DEBUG#8469ec21-b49f-11f1-a367-eeee0a83654e.gestao-reembolso-srv#flowable-async-job-executor-thread-70432#
[PollStageAppStatusExecution] 5ac231b3-ccd6-4161-a4dc-97f9876852c8 [2026-09-20T03:01:59.371758] Downloading app package... (STDOUT, STG)#
#2026 09 20 03:02:06.834#Z#DEBUG#8469ec21-b49f-11f1-a367-eeee0a83654e.gestao-reembolso-srv#flowable-async-job-executor-thread-70432#
[PollStageAppStatusExecution] 5ac231b3-ccd6-4161-a4dc-97f9876852c8 [2026-09-20T03:01:59.372068] Downloading build artifacts cache... (STDOUT, STG)#
#2026 09 20 03:02:06.834#Z#DEBUG#8469ec21-b49f-11f1-a367-eeee0a83654e.gestao-reembolso-srv#flowable-async-job-executor-thread-70432#
[PollStageAppStatusExecution] 5ac231b3-ccd6-4161-a4dc-97f9876852c8 [2026-09-20T03:02:00.979387] Downloaded build artifacts cache (43.9M) (STDOUT, STG)#
#2026 09 20 03:02:06.834#Z#DEBUG#8469ec21-b49f-11f1-a367-eeee0a83654e.gestao-reembolso-srv#flowable-async-job-executor-thread-70432#
[PollStageAppStatusExecution] 5ac231b3-ccd6-4161-a4dc-97f9876852c8 [2026-09-20T03:02:02.406675] Downloaded app package (45.5M) (STDOUT, STG)#
#2026 09 20 03:02:06.834#Z#DEBUG#8469ec21-b49f-11f1-a367-eeee0a83654e.gestao-reembolso-srv#flowable-async-job-executor-thread-70432#
[PollStageAppStatusExecution] 5ac231b3-ccd6-4161-a4dc-97f9876852c8 [2026-09-20T03:02:02.520069] -----> Nodejs Buildpack version 1.9.4 (STDOUT, STG)#
#2026 09 20 03:02:06.834#Z#DEBUG#8469ec21-b49f-11f1-a367-eeee0a83654e.gestao-reembolso-srv#flowable-async-job-executor-thread-70432#
[PollStageAppStatusExecution] 5ac231b3-ccd6-4161-a4dc-97f9876852c8 [2026-09-20T03:02:02.949566] -----> Bootstrapping python (STDOUT, STG)#
#2026 09 20 03:02:06.834#Z#DEBUG#8469ec21-b49f-11f1-a367-eeee0a83654e.gestao-reembolso-srv#flowable-async-job-executor-thread-70432#
[PollStageAppStatusExecution] 5ac231b3-ccd6-4161-a4dc-97f9876852c8 [2026-09-20T03:02:02.949607] -----> Installing python 3.13.15 (STDOUT, STG)#
#2026 09 20 03:02:06.834#Z#DEBUG#8469ec21-b49f-11f1-a367-eeee0a83654e.gestao-reembolso-srv#flowable-async-job-executor-thread-70432#
[PollStageAppStatusExecution] 5ac231b3-ccd6-4161-a4dc-97f9876852c8 [2026-09-20T03:02:02.949728] Copy [/tmp/buildpacks/5be6efbe8830cdb7/dependencies/6832464ec708e1392d482a6034aa2c94/python_3.13.15_linux_x64_cflinuxfs4_0c9cd9fd.tgz] (STDOUT, STG)#
#2026 09 20 03:02:16.887#Z#DEBUG#8469ec21-b49f-11f1-a367-eeee0a83654e.gestao-reembolso-srv#flowable-async-job-executor-thread-70438#
[PollStageAppStatusExecution] 5ac231b3-ccd6-4161-a4dc-97f9876852c8 [2026-09-20T03:02:07.318541] -----> Installing binaries (STDOUT, STG)#
#2026 09 20 03:02:16.887#Z#DEBUG#8469ec21-b49f-11f1-a367-eeee0a83654e.gestao-reembolso-srv#flowable-async-job-executor-thread-70438#
[PollStageAppStatusExecution] 5ac231b3-ccd6-4161-a4dc-97f9876852c8 [2026-09-20T03:02:07.318737] engines.node (package.json): >=20 (STDOUT, STG)#
#2026 09 20 03:02:16.887#Z#DEBUG#8469ec21-b49f-11f1-a367-eeee0a83654e.gestao-reembolso-srv#flowable-async-job-executor-thread-70438#
[PollStageAppStatusExecution] 5ac231b3-ccd6-4161-a4dc-97f9876852c8 [2026-09-20T03:02:07.318814] engines.npm (package.json): unspecified (use default) (STDOUT, STG)#
#2026 09 20 03:02:16.887#Z#DEBUG#8469ec21-b49f-11f1-a367-eeee0a83654e.gestao-reembolso-srv#flowable-async-job-executor-thread-70438#
[PollStageAppStatusExecution] 5ac231b3-ccd6-4161-a4dc-97f9876852c8 [2026-09-20T03:02:07.318820] [31;1m**WARNING**[0m Dangerous semver range (>) in engines.node. See: http://docs.cloudfoundry.org/buildpacks/node/node-tips.html (STDOUT, STG)#
#2026 09 20 03:02:16.887#Z#DEBUG#8469ec21-b49f-11f1-a367-eeee0a83654e.gestao-reembolso-srv#flowable-async-job-executor-thread-70438#
[PollStageAppStatusExecution] 5ac231b3-ccd6-4161-a4dc-97f9876852c8 [2026-09-20T03:02:07.318886] -----> Installing node 24.19.0 (STDOUT, STG)#
#2026 09 20 03:02:16.887#Z#DEBUG#8469ec21-b49f-11f1-a367-eeee0a83654e.gestao-reembolso-srv#flowable-async-job-executor-thread-70438#
[PollStageAppStatusExecution] 5ac231b3-ccd6-4161-a4dc-97f9876852c8 [2026-09-20T03:02:07.319007] Copy [/tmp/buildpacks/5be6efbe8830cdb7/dependencies/cf9035c55d85610a9158faa009b7a7b5/node_24.19.0_linux_x64_cflinuxfs4_9ab26efa.tgz] (STDOUT, STG)#
#2026 09 20 03:02:16.887#Z#DEBUG#8469ec21-b49f-11f1-a367-eeee0a83654e.gestao-reembolso-srv#flowable-async-job-executor-thread-70438#
[PollStageAppStatusExecution] 5ac231b3-ccd6-4161-a4dc-97f9876852c8 [2026-09-20T03:02:09.865128] Using default npm version: 11.17.0 (STDOUT, STG)#
#2026 09 20 03:02:16.887#Z#DEBUG#8469ec21-b49f-11f1-a367-eeee0a83654e.gestao-reembolso-srv#flowable-async-job-executor-thread-70438#
[PollStageAppStatusExecution] 5ac231b3-ccd6-4161-a4dc-97f9876852c8 [2026-09-20T03:02:09.865154] -----> Installing yarn 1.22.22 (STDOUT, STG)#
#2026 09 20 03:02:16.887#Z#DEBUG#8469ec21-b49f-11f1-a367-eeee0a83654e.gestao-reembolso-srv#flowable-async-job-executor-thread-70438#
[PollStageAppStatusExecution] 5ac231b3-ccd6-4161-a4dc-97f9876852c8 [2026-09-20T03:02:09.865285] Copy [/tmp/buildpacks/5be6efbe8830cdb7/dependencies/e4fe26756e9984a665478d350474fa2e/yarn_1.22.22_linux_noarch_any-stack_b6132b86.tgz] (STDOUT, STG)#
#2026 09 20 03:02:16.887#Z#DEBUG#8469ec21-b49f-11f1-a367-eeee0a83654e.gestao-reembolso-srv#flowable-async-job-executor-thread-70438#
[PollStageAppStatusExecution] 5ac231b3-ccd6-4161-a4dc-97f9876852c8 [2026-09-20T03:02:10.269393] Installed yarn 1.22.22 (STDOUT, STG)#
#2026 09 20 03:02:16.887#Z#DEBUG#8469ec21-b49f-11f1-a367-eeee0a83654e.gestao-reembolso-srv#flowable-async-job-executor-thread-70438#
[PollStageAppStatusExecution] 5ac231b3-ccd6-4161-a4dc-97f9876852c8 [2026-09-20T03:02:10.269542] -----> Creating runtime environment (STDOUT, STG)#
#2026 09 20 03:02:16.887#Z#DEBUG#8469ec21-b49f-11f1-a367-eeee0a83654e.gestao-reembolso-srv#flowable-async-job-executor-thread-70438#
[PollStageAppStatusExecution] 5ac231b3-ccd6-4161-a4dc-97f9876852c8 [2026-09-20T03:02:10.271549] NODE_ENV=production (STDOUT, STG)#
#2026 09 20 03:02:16.887#Z#DEBUG#8469ec21-b49f-11f1-a367-eeee0a83654e.gestao-reembolso-srv#flowable-async-job-executor-thread-70438#
[PollStageAppStatusExecution] 5ac231b3-ccd6-4161-a4dc-97f9876852c8 [2026-09-20T03:02:10.271566] NODE_HOME=/tmp/contents204527743/deps/0/node (STDOUT, STG)#
#2026 09 20 03:02:16.887#Z#DEBUG#8469ec21-b49f-11f1-a367-eeee0a83654e.gestao-reembolso-srv#flowable-async-job-executor-thread-70438#
[PollStageAppStatusExecution] 5ac231b3-ccd6-4161-a4dc-97f9876852c8 [2026-09-20T03:02:10.271570] NODE_MODULES_CACHE=true (STDOUT, STG)#
#2026 09 20 03:02:16.887#Z#DEBUG#8469ec21-b49f-11f1-a367-eeee0a83654e.gestao-reembolso-srv#flowable-async-job-executor-thread-70438#
[PollStageAppStatusExecution] 5ac231b3-ccd6-4161-a4dc-97f9876852c8 [2026-09-20T03:02:10.271577] NODE_VERBOSE=false (STDOUT, STG)#
#2026 09 20 03:02:16.887#Z#DEBUG#8469ec21-b49f-11f1-a367-eeee0a83654e.gestao-reembolso-srv#flowable-async-job-executor-thread-70438#
[PollStageAppStatusExecution] 5ac231b3-ccd6-4161-a4dc-97f9876852c8 [2026-09-20T03:02:10.271579] NPM_CONFIG_LOGLEVEL=error (STDOUT, STG)#
#2026 09 20 03:02:16.887#Z#DEBUG#8469ec21-b49f-11f1-a367-eeee0a83654e.gestao-reembolso-srv#flowable-async-job-executor-thread-70438#
[PollStageAppStatusExecution] 5ac231b3-ccd6-4161-a4dc-97f9876852c8 [2026-09-20T03:02:10.271583] NPM_CONFIG_PRODUCTION=true (STDOUT, STG)#
#2026 09 20 03:02:16.887#Z#DEBUG#8469ec21-b49f-11f1-a367-eeee0a83654e.gestao-reembolso-srv#flowable-async-job-executor-thread-70438#
[PollStageAppStatusExecution] 5ac231b3-ccd6-4161-a4dc-97f9876852c8 [2026-09-20T03:02:10.271589] -----> Building dependencies (STDOUT, STG)#
#2026 09 20 03:02:16.887#Z#DEBUG#8469ec21-b49f-11f1-a367-eeee0a83654e.gestao-reembolso-srv#flowable-async-job-executor-thread-70438#
[PollStageAppStatusExecution] 5ac231b3-ccd6-4161-a4dc-97f9876852c8 [2026-09-20T03:02:10.271591] Prebuild detected (node_modules already exists) (STDOUT, STG)#
#2026 09 20 03:02:16.887#Z#DEBUG#8469ec21-b49f-11f1-a367-eeee0a83654e.gestao-reembolso-srv#flowable-async-job-executor-thread-70438#
[PollStageAppStatusExecution] 5ac231b3-ccd6-4161-a4dc-97f9876852c8 [2026-09-20T03:02:10.271597] Rebuilding any native modules (STDOUT, STG)#
#2026 09 20 03:02:16.887#Z#DEBUG#8469ec21-b49f-11f1-a367-eeee0a83654e.gestao-reembolso-srv#flowable-async-job-executor-thread-70438#
[PollStageAppStatusExecution] 5ac231b3-ccd6-4161-a4dc-97f9876852c8 [2026-09-20T03:02:11.727592] rebuilt dependencies successfully (STDOUT, STG)#
#2026 09 20 03:02:16.887#Z#DEBUG#8469ec21-b49f-11f1-a367-eeee0a83654e.gestao-reembolso-srv#flowable-async-job-executor-thread-70438#
[PollStageAppStatusExecution] 5ac231b3-ccd6-4161-a4dc-97f9876852c8 [2026-09-20T03:02:11.729595] npm notice (STDOUT, STG)#
#2026 09 20 03:02:16.887#Z#DEBUG#8469ec21-b49f-11f1-a367-eeee0a83654e.gestao-reembolso-srv#flowable-async-job-executor-thread-70438#
[PollStageAppStatusExecution] 5ac231b3-ccd6-4161-a4dc-97f9876852c8 [2026-09-20T03:02:11.729647] npm notice New major version of npm available! 11.17.0 -> 12.0.2 (STDOUT, STG)#
#2026 09 20 03:02:16.887#Z#DEBUG#8469ec21-b49f-11f1-a367-eeee0a83654e.gestao-reembolso-srv#flowable-async-job-executor-thread-70438#
[PollStageAppStatusExecution] 5ac231b3-ccd6-4161-a4dc-97f9876852c8 [2026-09-20T03:02:11.729655] npm notice Changelog: https://github.com/npm/cli/releases/tag/v12.0.2 (STDOUT, STG)#
#2026 09 20 03:02:16.887#Z#DEBUG#8469ec21-b49f-11f1-a367-eeee0a83654e.gestao-reembolso-srv#flowable-async-job-executor-thread-70438#
[PollStageAppStatusExecution] 5ac231b3-ccd6-4161-a4dc-97f9876852c8 [2026-09-20T03:02:11.729658] npm notice To update run: npm install -g npm@12.0.2 (STDOUT, STG)#
#2026 09 20 03:02:16.887#Z#DEBUG#8469ec21-b49f-11f1-a367-eeee0a83654e.gestao-reembolso-srv#flowable-async-job-executor-thread-70438#
[PollStageAppStatusExecution] 5ac231b3-ccd6-4161-a4dc-97f9876852c8 [2026-09-20T03:02:11.729660] npm notice (STDOUT, STG)#
#2026 09 20 03:02:16.887#Z#DEBUG#8469ec21-b49f-11f1-a367-eeee0a83654e.gestao-reembolso-srv#flowable-async-job-executor-thread-70438#
[PollStageAppStatusExecution] 5ac231b3-ccd6-4161-a4dc-97f9876852c8 [2026-09-20T03:02:11.803279] Installing any new modules (package.json + package-lock.json) (STDOUT, STG)#
#2026 09 20 03:02:16.887#Z#DEBUG#8469ec21-b49f-11f1-a367-eeee0a83654e.gestao-reembolso-srv#flowable-async-job-executor-thread-70438#
[PollStageAppStatusExecution] 5ac231b3-ccd6-4161-a4dc-97f9876852c8 [2026-09-20T03:02:12.517859] up to date in 628ms (STDOUT, STG)#
#2026 09 20 03:02:16.887#Z#DEBUG#8469ec21-b49f-11f1-a367-eeee0a83654e.gestao-reembolso-srv#flowable-async-job-executor-thread-70438#
[PollStageAppStatusExecution] 5ac231b3-ccd6-4161-a4dc-97f9876852c8 [2026-09-20T03:02:12.518018] 33 packages are looking for funding (STDOUT, STG)#
#2026 09 20 03:02:16.887#Z#DEBUG#8469ec21-b49f-11f1-a367-eeee0a83654e.gestao-reembolso-srv#flowable-async-job-executor-thread-70438#
[PollStageAppStatusExecution] 5ac231b3-ccd6-4161-a4dc-97f9876852c8 [2026-09-20T03:02:12.518045] run `npm fund` for details (STDOUT, STG)#
#2026 09 20 03:02:16.887#Z#DEBUG#8469ec21-b49f-11f1-a367-eeee0a83654e.gestao-reembolso-srv#flowable-async-job-executor-thread-70438#
[PollStageAppStatusExecution] 5ac231b3-ccd6-4161-a4dc-97f9876852c8 [2026-09-20T03:02:13.467971] Contrast Security no credentials found. Will not write environment files. (STDOUT, STG)#
#2026 09 20 03:02:37.012#Z#DEBUG#8469ec21-b49f-11f1-a367-eeee0a83654e.gestao-reembolso-srv#flowable-async-job-executor-thread-70458#
[PollStageAppStatusExecution] 5ac231b3-ccd6-4161-a4dc-97f9876852c8 [2026-09-20T03:02:30.139213] Exit status 0 (STDOUT, STG)#
#2026 09 20 03:02:37.012#Z#DEBUG#8469ec21-b49f-11f1-a367-eeee0a83654e.gestao-reembolso-srv#flowable-async-job-executor-thread-70458#
[PollStageAppStatusExecution] 5ac231b3-ccd6-4161-a4dc-97f9876852c8 [2026-09-20T03:02:30.139281] Uploading droplet, build artifacts cache... (STDOUT, STG)#
#2026 09 20 03:02:37.012#Z#DEBUG#8469ec21-b49f-11f1-a367-eeee0a83654e.gestao-reembolso-srv#flowable-async-job-executor-thread-70458#
[PollStageAppStatusExecution] 5ac231b3-ccd6-4161-a4dc-97f9876852c8 [2026-09-20T03:02:30.139331] Uploading droplet... (STDOUT, STG)#
#2026 09 20 03:02:37.012#Z#DEBUG#8469ec21-b49f-11f1-a367-eeee0a83654e.gestao-reembolso-srv#flowable-async-job-executor-thread-70458#
[PollStageAppStatusExecution] 5ac231b3-ccd6-4161-a4dc-97f9876852c8 [2026-09-20T03:02:30.139823] Uploading build artifacts cache... (STDOUT, STG)#
#2026 09 20 03:02:37.012#Z#DEBUG#8469ec21-b49f-11f1-a367-eeee0a83654e.gestao-reembolso-srv#flowable-async-job-executor-thread-70458#
[PollStageAppStatusExecution] 5ac231b3-ccd6-4161-a4dc-97f9876852c8 [2026-09-20T03:02:30.884905] Uploaded build artifacts cache (43.9M) (STDOUT, STG)#
#2026 09 20 03:02:37.012#Z#DEBUG#8469ec21-b49f-11f1-a367-eeee0a83654e.gestao-reembolso-srv#flowable-async-job-executor-thread-70458#
[PollStageAppStatusExecution] 5ac231b3-ccd6-4161-a4dc-97f9876852c8 [2026-09-20T03:02:31.508596] Creating droplet for app with guid 5ac231b3-ccd6-4161-a4dc-97f9876852c8 (STDOUT, API)#
#2026 09 20 03:02:37.012#Z#DEBUG#8469ec21-b49f-11f1-a367-eeee0a83654e.gestao-reembolso-srv#flowable-async-job-executor-thread-70458#
[PollStageAppStatusExecution] 5ac231b3-ccd6-4161-a4dc-97f9876852c8 [2026-09-20T03:02:36.611741] Uploaded droplet (100.7M) (STDOUT, STG)#
#2026 09 20 03:02:37.012#Z#DEBUG#8469ec21-b49f-11f1-a367-eeee0a83654e.gestao-reembolso-srv#flowable-async-job-executor-thread-70458#
[PollStageAppStatusExecution] 5ac231b3-ccd6-4161-a4dc-97f9876852c8 [2026-09-20T03:02:36.666354] Uploading complete (STDOUT, STG)#
#2026 09 20 03:02:46.966#Z#DEBUG#8469ec21-b49f-11f1-a367-eeee0a83654e.gestao-reembolso-srv#flowable-async-job-executor-thread-70464#
[PollStageAppStatusExecution] 5ac231b3-ccd6-4161-a4dc-97f9876852c8 [2026-09-20T03:02:37.664270] Cell d1cc041a-d5a1-41d6-b9f6-6cda736ce3f0 stopping instance 7171e399-37b3-4667-bbee-e923afd5396e (STDOUT, STG)#
#2026 09 20 03:02:46.966#Z#DEBUG#8469ec21-b49f-11f1-a367-eeee0a83654e.gestao-reembolso-srv#flowable-async-job-executor-thread-70464#
[PollStageAppStatusExecution] 5ac231b3-ccd6-4161-a4dc-97f9876852c8 [2026-09-20T03:02:37.664303] Cell d1cc041a-d5a1-41d6-b9f6-6cda736ce3f0 destroying container for instance 7171e399-37b3-4667-bbee-e923afd5396e (STDOUT, STG)#
#2026 09 20 03:02:46.966#Z#DEBUG#8469ec21-b49f-11f1-a367-eeee0a83654e.gestao-reembolso-srv#flowable-async-job-executor-thread-70464#
[PollStageAppStatusExecution] 5ac231b3-ccd6-4161-a4dc-97f9876852c8 [2026-09-20T03:02:37.715583] Staging complete for build 7171e399-37b3-4667-bbee-e923afd5396e (STDOUT, API)#
#2026 09 20 03:02:46.966#Z#DEBUG#8469ec21-b49f-11f1-a367-eeee0a83654e.gestao-reembolso-srv#flowable-async-job-executor-thread-70464#
[PollStageAppStatusExecution] 5ac231b3-ccd6-4161-a4dc-97f9876852c8 [2026-09-20T03:02:39.495592] Cell d1cc041a-d5a1-41d6-b9f6-6cda736ce3f0 successfully destroyed container for instance 7171e399-37b3-4667-bbee-e923afd5396e (STDOUT, STG)#
#2026 09 20 03:02:57.021#Z#DEBUG#8469ec21-b49f-11f1-a367-eeee0a83654e.gestao-reembolso-srv#flowable-async-job-executor-thread-70474#
[PollStartAppStatusExecution] 5ac231b3-ccd6-4161-a4dc-97f9876852c8 [2026-09-20T03:02:47.032246] Updated app with guid 5ac231b3-ccd6-4161-a4dc-97f9876852c8 ({:droplet_guid=>"235876da-5e4b-45dc-9371-e4b60470b84f"}) (STDOUT, API)#
#2026 09 20 03:02:57.021#Z#DEBUG#8469ec21-b49f-11f1-a367-eeee0a83654e.gestao-reembolso-srv#flowable-async-job-executor-thread-70474#
[PollStartAppStatusExecution] 5ac231b3-ccd6-4161-a4dc-97f9876852c8 [2026-09-20T03:02:47.189084] Creating revision for app with guid 5ac231b3-ccd6-4161-a4dc-97f9876852c8 (STDOUT, API)#
#2026 09 20 03:02:57.021#Z#DEBUG#8469ec21-b49f-11f1-a367-eeee0a83654e.gestao-reembolso-srv#flowable-async-job-executor-thread-70474#
[PollStartAppStatusExecution] 5ac231b3-ccd6-4161-a4dc-97f9876852c8 [2026-09-20T03:02:47.225431] Starting app with guid 5ac231b3-ccd6-4161-a4dc-97f9876852c8 (STDOUT, API)#
#2026 09 20 03:02:57.021#Z#DEBUG#8469ec21-b49f-11f1-a367-eeee0a83654e.gestao-reembolso-srv#flowable-async-job-executor-thread-70474#
[PollStartAppStatusExecution] 5ac231b3-ccd6-4161-a4dc-97f9876852c8 [2026-09-20T03:02:47.469624] Cell 77283d80-dfa7-40ba-ba4e-265aef112085 creating container for instance 4a9f4c93-c57d-4ddb-4e1a-00d6 (STDOUT, CELL)#
#2026 09 20 03:02:57.021#Z#DEBUG#8469ec21-b49f-11f1-a367-eeee0a83654e.gestao-reembolso-srv#flowable-async-job-executor-thread-70474#
[PollStartAppStatusExecution] 5ac231b3-ccd6-4161-a4dc-97f9876852c8 [2026-09-20T03:02:47.996853] Security group rules were updated (STDOUT, CELL)#
#2026 09 20 03:02:57.021#Z#DEBUG#8469ec21-b49f-11f1-a367-eeee0a83654e.gestao-reembolso-srv#flowable-async-job-executor-thread-70474#
[PollStartAppStatusExecution] 5ac231b3-ccd6-4161-a4dc-97f9876852c8 [2026-09-20T03:02:48.078086] Cell 77283d80-dfa7-40ba-ba4e-265aef112085 successfully created container for instance 4a9f4c93-c57d-4ddb-4e1a-00d6 (STDOUT, CELL)#
#2026 09 20 03:02:57.021#Z#DEBUG#8469ec21-b49f-11f1-a367-eeee0a83654e.gestao-reembolso-srv#flowable-async-job-executor-thread-70474#
[PollStartAppStatusExecution] 5ac231b3-ccd6-4161-a4dc-97f9876852c8 [2026-09-20T03:02:48.921366] Downloading droplet... (STDOUT, CELL)#
#2026 09 20 03:02:57.021#Z#DEBUG#8469ec21-b49f-11f1-a367-eeee0a83654e.gestao-reembolso-srv#flowable-async-job-executor-thread-70474#
[PollStartAppStatusExecution] 5ac231b3-ccd6-4161-a4dc-97f9876852c8 [2026-09-20T03:02:56.320018] Downloaded droplet (100.7M) (STDOUT, CELL)#
#2026 09 20 03:02:57.021#Z#DEBUG#8469ec21-b49f-11f1-a367-eeee0a83654e.gestao-reembolso-srv#flowable-async-job-executor-thread-70474#
[PollStartAppStatusExecution] 5ac231b3-ccd6-4161-a4dc-97f9876852c8 [2026-09-20T03:02:56.320197] Starting health monitoring of container (STDOUT, CELL)#
#2026 09 20 03:02:57.021#Z#DEBUG#8469ec21-b49f-11f1-a367-eeee0a83654e.gestao-reembolso-srv#flowable-async-job-executor-thread-70474#
[PollStartAppStatusExecution] 5ac231b3-ccd6-4161-a4dc-97f9876852c8 [2026-09-20T03:02:56.441215] Invoking pre-start scripts. (STDOUT, APP/PROC/WEB)#
#2026 09 20 03:03:07.026#Z#DEBUG#8469ec21-b49f-11f1-a367-eeee0a83654e.gestao-reembolso-srv#flowable-async-job-executor-thread-70479#
[PollStartAppStatusExecution] 5ac231b3-ccd6-4161-a4dc-97f9876852c8 [2026-09-20T03:02:56.673314] Invoking start command. (STDOUT, APP/PROC/WEB)#
#2026 09 20 03:03:07.026#Z#DEBUG#8469ec21-b49f-11f1-a367-eeee0a83654e.gestao-reembolso-srv#flowable-async-job-executor-thread-70479#
[PollStartAppStatusExecution] 5ac231b3-ccd6-4161-a4dc-97f9876852c8 [2026-09-20T03:02:57.125307] > gestao-reembolso@1.0.0 start (STDOUT, APP/PROC/WEB)#
#2026 09 20 03:03:07.026#Z#DEBUG#8469ec21-b49f-11f1-a367-eeee0a83654e.gestao-reembolso-srv#flowable-async-job-executor-thread-70479#
[PollStartAppStatusExecution] 5ac231b3-ccd6-4161-a4dc-97f9876852c8 [2026-09-20T03:02:57.125391] > cds-serve (STDOUT, APP/PROC/WEB)#
#2026 09 20 03:03:07.026#Z#DEBUG#8469ec21-b49f-11f1-a367-eeee0a83654e.gestao-reembolso-srv#flowable-async-job-executor-thread-70479#
[PollStartAppStatusExecution] 5ac231b3-ccd6-4161-a4dc-97f9876852c8 [2026-09-20T03:02:57.468974] {"level":"info","logger":"cds","timestamp":"2026-09-20T03:02:57.467Z","layer":"cds","component_type":"application","container_id":"10.32.3.6","component_id":"5ac231b3-ccd6-4161-a4dc-97f9876852c8","component_name":"gestao-reembolso-srv","component_instance":0,"source_instance":0,"organization_name":"a9f81c0dtrial_a9f81c0dtrial","organization_id":"b505c6eb-1a90-4686-8581-1a02c43934e0","space_name":"dev","space_id":"499fdb07-b526-4816-98a8-26c762640bc8","msg":"loaded model from 1 file(s):\n ","type":"log"} (STDOUT, APP/PROC/WEB)#
#2026 09 20 03:03:07.026#Z#DEBUG#8469ec21-b49f-11f1-a367-eeee0a83654e.gestao-reembolso-srv#flowable-async-job-executor-thread-70479#
[PollStartAppStatusExecution] 5ac231b3-ccd6-4161-a4dc-97f9876852c8 [2026-09-20T03:02:57.469543] srv/csn.json (STDOUT, APP/PROC/WEB)#
#2026 09 20 03:03:07.026#Z#DEBUG#8469ec21-b49f-11f1-a367-eeee0a83654e.gestao-reembolso-srv#flowable-async-job-executor-thread-70479#
[PollStartAppStatusExecution] 5ac231b3-ccd6-4161-a4dc-97f9876852c8 [2026-09-20T03:02:57.710259] {"level":"info","logger":"cds","timestamp":"2026-09-20T03:02:57.709Z","layer":"cds","component_type":"application","container_id":"10.32.3.6","component_id":"5ac231b3-ccd6-4161-a4dc-97f9876852c8","component_name":"gestao-reembolso-srv","component_instance":0,"source_instance":0,"organization_name":"a9f81c0dtrial_a9f81c0dtrial","organization_id":"b505c6eb-1a90-4686-8581-1a02c43934e0","space_name":"dev","space_id":"499fdb07-b526-4816-98a8-26c762640bc8","msg":"connect to db > hana {\n  database_id: '44255285-c6d5-4950-a80f-64ccb585f279',\n  host: '44255285-c6d5-4950-a80f-64ccb585f279.hna0.prod-us10.hanacloud.ondemand.com',\n  port: '443',\n  driver: 'com.sap.db.jdbc.Driver',\n  url: 'jdbc:sap://44255285-c6d5-4950-a80f-64ccb585f279.hna0.prod-us10.hanacloud.ondemand.com:443?encrypt=true&validateCertificate=true&currentschema=090EFF58E38844DE9A828FF6C9C62F6F',\n  schema: '090EFF58E38844DE9A828FF6C9C62F6F',\n  certificate: '...',\n  hdi_user: '090EFF58E38844DE9A828FF6C9C62F6F_2Y71K3N3XSPTYUEN3CRICR1K0_DT',\n  hdi_password: '...',\n  user: '090EFF58E38844DE9A828FF6C9C62F6F_2Y71K3N3XSPTYUEN3CRICR1K0_RT',\n  password: '...'\n}","type":"log"} (STDOUT, APP/PROC/WEB)#
#2026 09 20 03:03:07.026#Z#DEBUG#8469ec21-b49f-11f1-a367-eeee0a83654e.gestao-reembolso-srv#flowable-async-job-executor-thread-70479#
[PollStartAppStatusExecution] 5ac231b3-ccd6-4161-a4dc-97f9876852c8 [2026-09-20T03:02:57.770597] {"level":"info","logger":"cds","timestamp":"2026-09-20T03:02:57.766Z","layer":"cds","component_type":"application","container_id":"10.32.3.6","component_id":"5ac231b3-ccd6-4161-a4dc-97f9876852c8","component_name":"gestao-reembolso-srv","component_instance":0,"source_instance":0,"organization_name":"a9f81c0dtrial_a9f81c0dtrial","organization_id":"b505c6eb-1a90-4686-8581-1a02c43934e0","space_name":"dev","space_id":"499fdb07-b526-4816-98a8-26c762640bc8","msg":"using auth strategy { kind: 'xsuaa' }","type":"log"} (STDOUT, APP/PROC/WEB)#
#2026 09 20 03:03:07.026#Z#DEBUG#8469ec21-b49f-11f1-a367-eeee0a83654e.gestao-reembolso-srv#flowable-async-job-executor-thread-70479#
[PollStartAppStatusExecution] 5ac231b3-ccd6-4161-a4dc-97f9876852c8 [2026-09-20T03:02:57.803584] {"level":"info","logger":"cds","timestamp":"2026-09-20T03:02:57.802Z","layer":"cds","component_type":"application","container_id":"10.32.3.6","component_id":"5ac231b3-ccd6-4161-a4dc-97f9876852c8","component_name":"gestao-reembolso-srv","component_instance":0,"source_instance":0,"organization_name":"a9f81c0dtrial_a9f81c0dtrial","organization_id":"b505c6eb-1a90-4686-8581-1a02c43934e0","space_name":"dev","space_id":"499fdb07-b526-4816-98a8-26c762640bc8","msg":"serving ReembolsoService {\n  at: [ '/service/ReembolsoService' ],\n  decl: 'srv/csn.json:205',\n  impl: 'srv/service.js'\n}","type":"log"} (STDOUT, APP/PROC/WEB)#
#2026 09 20 03:03:07.026#Z#DEBUG#8469ec21-b49f-11f1-a367-eeee0a83654e.gestao-reembolso-srv#flowable-async-job-executor-thread-70479#
[PollStartAppStatusExecution] 5ac231b3-ccd6-4161-a4dc-97f9876852c8 [2026-09-20T03:02:57.811013] {"level":"info","logger":"cds","timestamp":"2026-09-20T03:02:57.810Z","layer":"cds","component_type":"application","container_id":"10.32.3.6","component_id":"5ac231b3-ccd6-4161-a4dc-97f9876852c8","component_name":"gestao-reembolso-srv","component_instance":0,"source_instance":0,"organization_name":"a9f81c0dtrial_a9f81c0dtrial","organization_id":"b505c6eb-1a90-4686-8581-1a02c43934e0","space_name":"dev","space_id":"499fdb07-b526-4816-98a8-26c762640bc8","msg":"server listening on { url: 'http://localhost:8080' }","type":"log"} (STDOUT, APP/PROC/WEB)#
#2026 09 20 03:03:07.026#Z#DEBUG#8469ec21-b49f-11f1-a367-eeee0a83654e.gestao-reembolso-srv#flowable-async-job-executor-thread-70479#
[PollStartAppStatusExecution] 5ac231b3-ccd6-4161-a4dc-97f9876852c8 [2026-09-20T03:02:57.812617] {"level":"info","logger":"cds","timestamp":"2026-09-20T03:02:57.812Z","layer":"cds","component_type":"application","container_id":"10.32.3.6","component_id":"5ac231b3-ccd6-4161-a4dc-97f9876852c8","component_name":"gestao-reembolso-srv","component_instance":0,"source_instance":0,"organization_name":"a9f81c0dtrial_a9f81c0dtrial","organization_id":"b505c6eb-1a90-4686-8581-1a02c43934e0","space_name":"dev","space_id":"499fdb07-b526-4816-98a8-26c762640bc8","msg":"server v10.1.1 launched in 674 ms","type":"log"} (STDOUT, APP/PROC/WEB)#
#2026 09 20 03:03:07.026#Z#DEBUG#8469ec21-b49f-11f1-a367-eeee0a83654e.gestao-reembolso-srv#flowable-async-job-executor-thread-70479#
[PollStartAppStatusExecution] 5ac231b3-ccd6-4161-a4dc-97f9876852c8 [2026-09-20T03:02:58.819751] {"level":"warn","logger":"queue","correlation_id":"ffa6c59d-37f7-4aed-b844-371b19ffa32b","timestamp":"2026-09-20T03:02:58.818Z","msg":"Failed to fetch targets for flush ResourceRequest timed out","stacktrace":["TimeoutError: ResourceRequest timed out","at ResourceRequest._fireTimeout (/home/vcap/app/node_modules/generic-pool/lib/ResourceRequest.js:62:17)","at Timeout.bound (/home/vcap/app/node_modules/generic-pool/lib/ResourceRequest.js:8:15)","at listOnTimeout (node:internal/timers:635:17)","at process.processTimers (node:internal/timers:571:7)"],"name":"TimeoutError","layer":"cds","component_type":"application","container_id":"10.32.3.6","component_id":"5ac231b3-ccd6-4161-a4dc-97f9876852c8","component_name":"gestao-reembolso-srv","component_instance":0,"source_instance":0,"organization_name":"a9f81c0dtrial_a9f81c0dtrial","organization_id":"b505c6eb-1a90-4686-8581-1a02c43934e0","space_name":"dev","space_id":"499fdb07-b526-4816-98a8-26c762640bc8","type":"log"} (STDERR, APP/PROC/WEB)#
#2026 09 20 03:03:07.026#Z#DEBUG#8469ec21-b49f-11f1-a367-eeee0a83654e.gestao-reembolso-srv#flowable-async-job-executor-thread-70479#
[PollStartAppStatusExecution] 5ac231b3-ccd6-4161-a4dc-97f9876852c8 [2026-09-20T03:02:59.449222] Container became healthy (STDOUT, CELL)#
#2026 09 20 03:03:07.026#Z#DEBUG#8469ec21-b49f-11f1-a367-eeee0a83654e.gestao-reembolso-srv#flowable-async-job-executor-thread-70479#
[PollStartAppStatusExecution] 5ac231b3-ccd6-4161-a4dc-97f9876852c8 [2026-09-20T03:02:59.477300] Process became ready with guid 5ac231b3-ccd6-4161-a4dc-97f9876852c8 payload: {"instance"=>"4a9f4c93-c57d-4ddb-4e1a-00d6", "index"=>0, "cell_id"=>"77283d80-dfa7-40ba-ba4e-265aef112085", "ready"=>true, "version"=>"ce68ca27-3b96-4658-bfd9-0e58030d5481"} (STDOUT, API)#
#2026 09 20 03:03:07.026#Z#DEBUG#8469ec21-b49f-11f1-a367-eeee0a83654e.gestao-reembolso-srv#flowable-async-job-executor-thread-70479#
[PollStartAppStatusExecution] 5ac231b3-ccd6-4161-a4dc-97f9876852c8 [2026-09-20T03:03:04.036296] Cell 77283d80-dfa7-40ba-ba4e-265aef112085 destroying container for instance 7eae463d-d37f-4716-714f-8822 (STDOUT, CELL)#
#2026 09 20 03:03:07.026#Z#DEBUG#8469ec21-b49f-11f1-a367-eeee0a83654e.gestao-reembolso-srv#flowable-async-job-executor-thread-70479#
[PollStartAppStatusExecution] 5ac231b3-ccd6-4161-a4dc-97f9876852c8 [2026-09-20T03:03:04.199115] Exit status 137 (STDOUT, PROXY)#
#2026 09 20 03:03:07.026#Z#DEBUG#8469ec21-b49f-11f1-a367-eeee0a83654e.gestao-reembolso-srv#flowable-async-job-executor-thread-70479#
[PollStartAppStatusExecution] 5ac231b3-ccd6-4161-a4dc-97f9876852c8 [2026-09-20T03:03:05.597988] Cell 77283d80-dfa7-40ba-ba4e-265aef112085 successfully destroyed container for instance 7eae463d-d37f-4716-714f-8822 (STDOUT, CELL)#
